// Jest Snapshot v1, https://goo.gl/fbAQLP

exports[`<AboutApp /> matches the snapshot 1`] = `/&gt;`;
