// Jest Snapshot v1, https://goo.gl/fbAQLP

exports[`SectionLink should match the snapshot 1`] = `
<nav
  class="sc-bdnxRM pNKVS"
>
  <h2 />
</nav>
`;
