// Jest Snapshot v1, https://goo.gl/fbAQLP

exports[`<FeaturedArtists /> matches the snapshot 1`] = `
Object {
  "asFragment": [Function],
  "baseElement": <body>
    <div>
      <div
        class="sc-dlnjwi eaKyIO"
      >
        <a
          href="/artists/1"
        >
          <figure
            class="sc-hKFxyN dsCYYK"
          >
            <img
              alt="image1alt"
              src="https://www.artic.edu/iiif/2/1/full/843,/0/default.jpg"
            />
            <figcaption>
              <p>
                artist 1
              </p>
            </figcaption>
          </figure>
        </a>
        <a
          href="/artists/2"
        >
          <figure
            class="sc-hKFxyN dsCYYK"
          >
            <img
              alt="image2alt"
              src="https://www.artic.edu/iiif/2/2/full/843,/0/default.jpg"
            />
            <figcaption>
              <p>
                artist 2
              </p>
            </figcaption>
          </figure>
        </a>
        <a
          href="/artists/3"
        >
          <figure
            class="sc-hKFxyN dsCYYK"
          >
            <img
              alt="image3alt"
              src="https://www.artic.edu/iiif/2/3/full/843,/0/default.jpg"
            />
            <figcaption>
              <p>
                artist 3
              </p>
            </figcaption>
          </figure>
        </a>
      </div>
    </div>
  </body>,
  "container": <div>
    <div
      class="sc-dlnjwi eaKyIO"
    >
      <a
        href="/artists/1"
      >
        <figure
          class="sc-hKFxyN dsCYYK"
        >
          <img
            alt="image1alt"
            src="https://www.artic.edu/iiif/2/1/full/843,/0/default.jpg"
          />
          <figcaption>
            <p>
              artist 1
            </p>
          </figcaption>
        </figure>
      </a>
      <a
        href="/artists/2"
      >
        <figure
          class="sc-hKFxyN dsCYYK"
        >
          <img
            alt="image2alt"
            src="https://www.artic.edu/iiif/2/2/full/843,/0/default.jpg"
          />
          <figcaption>
            <p>
              artist 2
            </p>
          </figcaption>
        </figure>
      </a>
      <a
        href="/artists/3"
      >
        <figure
          class="sc-hKFxyN dsCYYK"
        >
          <img
            alt="image3alt"
            src="https://www.artic.edu/iiif/2/3/full/843,/0/default.jpg"
          />
          <figcaption>
            <p>
              artist 3
            </p>
          </figcaption>
        </figure>
      </a>
    </div>
  </div>,
  "debug": [Function],
  "findAllByAltText": [Function],
  "findAllByDisplayValue": [Function],
  "findAllByLabelText": [Function],
  "findAllByPlaceholderText": [Function],
  "findAllByRole": [Function],
  "findAllByTestId": [Function],
  "findAllByText": [Function],
  "findAllByTitle": [Function],
  "findByAltText": [Function],
  "findByDisplayValue": [Function],
  "findByLabelText": [Function],
  "findByPlaceholderText": [Function],
  "findByRole": [Function],
  "findByTestId": [Function],
  "findByText": [Function],
  "findByTitle": [Function],
  "getAllByAltText": [Function],
  "getAllByDisplayValue": [Function],
  "getAllByLabelText": [Function],
  "getAllByPlaceholderText": [Function],
  "getAllByRole": [Function],
  "getAllByTestId": [Function],
  "getAllByText": [Function],
  "getAllByTitle": [Function],
  "getByAltText": [Function],
  "getByDisplayValue": [Function],
  "getByLabelText": [Function],
  "getByPlaceholderText": [Function],
  "getByRole": [Function],
  "getByTestId": [Function],
  "getByText": [Function],
  "getByTitle": [Function],
  "queryAllByAltText": [Function],
  "queryAllByDisplayValue": [Function],
  "queryAllByLabelText": [Function],
  "queryAllByPlaceholderText": [Function],
  "queryAllByRole": [Function],
  "queryAllByTestId": [Function],
  "queryAllByText": [Function],
  "queryAllByTitle": [Function],
  "queryByAltText": [Function],
  "queryByDisplayValue": [Function],
  "queryByLabelText": [Function],
  "queryByPlaceholderText": [Function],
  "queryByRole": [Function],
  "queryByTestId": [Function],
  "queryByText": [Function],
  "queryByTitle": [Function],
  "rerender": [Function],
  "unmount": [Function],
}
`;
